+incdir+$VERILIB_HOME
+incdir+$UVM_HOME/src
+incdir+$UVC_HOME

//+define+UVM_NO_DPI
+define+ENABLE_ALTERA_AVALON_TRANSACTION_RECORDING
+define+DISABLE_SV_FEATURES

$UVM_HOME/src/uvm_pkg.sv
$VERILIB_HOME/packages/altera/verbosity_pkg.sv
$VERILIB_HOME/packages/altera/avalon_utilities_pkg.sv
$VERILIB_HOME/packages/altera/avalon_mm_pkg.sv
$VERILIB_HOME/packages/sknobs/sknobs.sv
$VERILIB_HOME/packages/toolbox/toolbox_pkg.sv
$VERILIB_HOME/interfaces/interfaces.svh
$UVC_HOME/uvc_pkg.sv
$VERILIB_HOME/components/altera_avalon_mm_master_bfm/altera_avalon_mm_master_bfm.sv
$VERILIB_HOME/components/altera_avalon_mm_slave_bfm/altera_avalon_mm_slave_bfm.sv
$VERILIB_HOME/components/altera_avalon_mm_monitor_bfm/altera_avalon_mm_monitor_assertion.sv
$VERILIB_HOME/components/altera_avalon_mm_monitor_bfm/altera_avalon_mm_monitor_coverage.sv
$VERILIB_HOME/components/altera_avalon_mm_monitor_bfm/altera_avalon_mm_monitor_transactions.sv
$VERILIB_HOME/components/altera_avalon_mm_monitor_bfm/altera_avalon_mm_monitor.sv
$VERILIB_HOME/components/altera_avalon_st_source_bfm/altera_avalon_st_source_bfm.sv
$VERILIB_HOME/components/altera_avalon_st_sink_bfm/altera_avalon_st_sink_bfm.sv
$VERILIB_HOME/components/altera_avalon_st_monitor_bfm/altera_avalon_st_monitor_assertion.sv
$VERILIB_HOME/components/altera_avalon_st_monitor_bfm/altera_avalon_st_monitor_coverage.sv
$VERILIB_HOME/components/altera_avalon_st_monitor_bfm/altera_avalon_st_monitor_transactions.sv
$VERILIB_HOME/components/altera_avalon_st_monitor_bfm/altera_avalon_st_monitor.sv
$VERILIB_HOME/components/avlmm_master_bfm_wrapper.sv
$VERILIB_HOME/components/avlst_source_bfm_wrapper.sv
$VERILIB_HOME/components/avlst_sink_bfm_wrapper.sv
